======================================================================
  PTS Region Split Tool v1.0
  Detects distinct FPS regimes in the PTS timeline and splits into N parts
======================================================================
>>> ffmpeg: ffmpeg version 8.0.1-full_build-www.gyan.dev Copyright (c) 2000-2025 the FFmpeg developers
>>> Analyzing: E:\Video5\2026.6.10-3第五.mp4
  Video: h264 1920x1080, PTS=13943.4s, frames=765073
  Audio: aac, duration=13943.3s
>>> Scanning PTS timeline (window=30s, threshold=0.15, minhold=3)...
    Sampled every 2th frame (765073 total -> 382537 analyzed)
>>> FPS analysis report (per 60s window, total 233 rows)

  Start        End          Frames     FPS       Regime
  ------------------------------------------------------------
  00:00:00     00:04:00     13054      54.4      
  00:04:00     00:08:00     13818      57.6      
  00:08:00     00:12:00     14354      59.8      
  00:12:00     00:16:00     14156      59        
  00:16:00     00:20:00     14232      59.3      
  00:20:00     00:24:00     12116      50.5      
  00:24:00     00:28:00     14014      58.4      
  00:28:00     00:32:00     14328      59.7      
  00:32:00     00:36:00     14396      60        
  00:36:00     00:40:00     14390      60        
  00:40:00     00:44:00     14356      59.8      
  00:44:00     00:48:00     13816      57.6      
  00:48:00     00:52:00     14298      59.6      
  00:52:00     00:56:00     14202      59.2      
  00:56:00     01:00:00     14306      59.6      
  01:00:00     01:04:00     14316      59.6      
  01:04:00     01:08:00     14396      60        
  01:08:00     01:12:00     14230      59.3      
  01:12:00     01:16:00     14288      59.5      
  01:16:00     01:20:00     14232      59.3      
  01:20:00     01:24:00     14316      59.6      
  01:24:00     01:28:00     14292      59.6      
  01:28:00     01:32:00     14284      59.5      
  01:32:00     01:36:00     14396      60        
  01:36:00     01:40:00     14366      59.9      
  01:40:00     01:44:00     14322      59.7      
  01:44:00     01:48:00     14396      60        
  01:48:00     01:52:00     14332      59.7      
  01:52:00     01:56:00     14304      59.6      
  01:56:00     02:00:00     14262      59.4      
  02:00:00     02:04:00     14088      58.7      
  02:04:00     02:08:00     14202      59.2      
  02:08:00     02:12:00     14194      59.1      
  02:12:00     02:16:00     14352      59.8      
  02:16:00     02:20:00     14392      60        
  02:20:00     02:24:00     14230      59.3      
  02:24:00     02:28:00     14390      60        
  02:28:00     02:32:00     14374      59.9      
  02:32:00     02:36:00     14222      59.3      
  02:36:00     02:40:00     14386      59.9      
  02:40:00     02:44:00     14390      60        
  02:44:00     02:48:00     14340      59.8      
  02:48:00     02:52:00     14298      59.6      
  02:52:00     02:56:00     14388      60        
  02:56:00     03:00:00     14290      59.5      
  03:00:00     03:04:00     14214      59.2      
  03:04:00     03:08:00     12618      52.6      
  03:08:00     03:12:00     7994       33.3        <<< transition
  03:12:00     03:16:00     8094       33.7      
  03:16:00     03:20:00     9930       41.4      
  03:20:00     03:24:00     8060       33.6      
  03:24:00     03:28:00     7598       31.7      
  03:28:00     03:32:00     7540       31.4      
  03:32:00     03:36:00     7508       31.3      
  03:36:00     03:40:00     7554       31.5      
  03:40:00     03:44:00     11290      47          <<< transition
  03:44:00     03:48:00     12902      53.8      
  03:48:00     03:52:00     9966       41.5      
  03:52:00     03:53:00     702        11.7        <<< transition


  FPS regime summary (analysis window 30s):
  Part  FPS        Start        End          Duration     Frames  
  -----------------------------------------------------------
  #1    59.2       00:00:00     03:07:00     03:07:00     664042  
  #2    33.7       03:07:00     03:41:00     00:34:00     68668   
  #3    51.9       03:41:00     03:50:00     00:09:00     28030   
  #4    28.9       03:50:00     03:52:30     00:02:30     4334    
  -----------------------------------------------------------
    Total estimated frames: 765074 (reported: 765073)

  Detected 3 fps transitions -> will split into 4 parts

======================================================================
>>> SPLITTING: 4 segments
======================================================================

----------------------------------------------------------------------
>>> PHASE 1/4: Cutting Part 1
    Range   : 00:00:00 ~ 03:07:00  (duration 03:07:00)
    Regime  : ~59.2 fps
    Output  : F:\FixVideoTools\split_test\2026.6.10-3第五_part1.mp4
    ERROR: Part 1 cut failed
  ERROR: Part 1 cut failed
